 8月 05 23:30:43 macbookair2015 kernel: Linux version 6.12.95+deb13-amd64 (debian-kernel@lists.debian.org) (x86_64-linux-gnu-gcc-14 (Debian 14.2.0-19) 14.2.0, GNU ld (GNU Binutils for Debian) 2.44) #1 SMP PREEMPT_DYNAMIC Debian 6.12.95-1 (2026-07-04)
 8月 05 23:30:43 macbookair2015 kernel: Command line: BOOT_IMAGE=/boot/vmlinuz-6.12.95+deb13-amd64 root=UUID=147f49dc-e854-47df-a721-b304a1c0c7bd ro quiet no_console_suspend mem_sleep_default=deep panic=15
 8月 05 23:30:43 macbookair2015 kernel: BIOS-provided physical RAM map:
 8月 05 23:30:43 macbookair2015 kernel: BIOS-e820: [mem 0x0000000000000000-0x0000000000057fff] usable
 8月 05 23:30:43 macbookair2015 kernel: BIOS-e820: [mem 0x0000000000058000-0x0000000000058fff] reserved
 8月 05 23:30:43 macbookair2015 kernel: BIOS-e820: [mem 0x0000000000059000-0x000000000009ffff] usable
 8月 05 23:30:43 macbookair2015 kernel: BIOS-e820: [mem 0x00000000000a0000-0x00000000000bffff] reserved
 8月 05 23:30:43 macbookair2015 kernel: BIOS-e820: [mem 0x0000000000100000-0x000000008ad00fff] usable
 8月 05 23:30:43 macbookair2015 kernel: BIOS-e820: [mem 0x000000008ad01000-0x000000008ad48fff] ACPI NVS
 8月 05 23:30:43 macbookair2015 kernel: BIOS-e820: [mem 0x000000008ad49000-0x000000008ad5cfff] usable
 8月 05 23:30:43 macbookair2015 kernel: BIOS-e820: [mem 0x000000008ad5d000-0x000000008ad8efff] ACPI data
 8月 05 23:30:43 macbookair2015 kernel: BIOS-e820: [mem 0x000000008ad8f000-0x000000008ae37fff] usable
 8月 05 23:30:43 macbookair2015 kernel: BIOS-e820: [mem 0x000000008ae38000-0x000000008ae8efff] reserved
 8月 05 23:30:43 macbookair2015 kernel: BIOS-e820: [mem 0x000000008ae8f000-0x000000008aecbfff] usable
 8月 05 23:30:43 macbookair2015 kernel: BIOS-e820: [mem 0x000000008aecc000-0x000000008aefefff] reserved
 8月 05 23:30:43 macbookair2015 kernel: BIOS-e820: [mem 0x000000008aeff000-0x000000008afa9fff] usable
 8月 05 23:30:43 macbookair2015 kernel: BIOS-e820: [mem 0x000000008afaa000-0x000000008afdefff] reserved
 8月 05 23:30:43 macbookair2015 kernel: BIOS-e820: [mem 0x000000008afdf000-0x000000008affffff] usable
 8月 05 23:30:43 macbookair2015 kernel: BIOS-e820: [mem 0x000000008b000000-0x000000008fffffff] reserved
 8月 05 23:30:43 macbookair2015 kernel: BIOS-e820: [mem 0x00000000e00f8000-0x00000000e00f8fff] reserved
 8月 05 23:30:43 macbookair2015 kernel: BIOS-e820: [mem 0x00000000fed1c000-0x00000000fed1ffff] reserved
 8月 05 23:30:43 macbookair2015 kernel: BIOS-e820: [mem 0x00000000ffd70000-0x00000000ffd9ffff] reserved
 8月 05 23:30:43 macbookair2015 kernel: BIOS-e820: [mem 0x0000000100000000-0x000000016effffff] usable
 8月 05 23:30:43 macbookair2015 kernel: NX (Execute Disable) protection: active
 8月 05 23:30:43 macbookair2015 kernel: APIC: Static calls initialized
 8月 05 23:30:43 macbookair2015 kernel: e820: update [mem 0x78343790-0x78343b8e] usable ==> usable
 8月 05 23:30:43 macbookair2015 kernel: extended physical RAM map:
 8月 05 23:30:43 macbookair2015 kernel: reserve setup_data: [mem 0x0000000000000000-0x0000000000057fff] usable
 8月 05 23:30:43 macbookair2015 kernel: reserve setup_data: [mem 0x0000000000058000-0x0000000000058fff] reserved
 8月 05 23:30:43 macbookair2015 kernel: reserve setup_data: [mem 0x0000000000059000-0x000000000009ffff] usable
 8月 05 23:30:43 macbookair2015 kernel: reserve setup_data: [mem 0x00000000000a0000-0x00000000000bffff] reserved
 8月 05 23:30:43 macbookair2015 kernel: reserve setup_data: [mem 0x0000000000100000-0x000000007834378f] usable
 8月 05 23:30:43 macbookair2015 kernel: reserve setup_data: [mem 0x0000000078343790-0x0000000078343b8e] usable
 8月 05 23:30:43 macbookair2015 kernel: reserve setup_data: [mem 0x0000000078343b8f-0x000000008ad00fff] usable
 8月 05 23:30:43 macbookair2015 kernel: reserve setup_data: [mem 0x000000008ad01000-0x000000008ad48fff] ACPI NVS
 8月 05 23:30:43 macbookair2015 kernel: reserve setup_data: [mem 0x000000008ad49000-0x000000008ad5cfff] usable
 8月 05 23:30:43 macbookair2015 kernel: reserve setup_data: [mem 0x000000008ad5d000-0x000000008ad8efff] ACPI data
 8月 05 23:30:43 macbookair2015 kernel: reserve setup_data: [mem 0x000000008ad8f000-0x000000008ae37fff] usable
 8月 05 23:30:43 macbookair2015 kernel: reserve setup_data: [mem 0x000000008ae38000-0x000000008ae8efff] reserved
 8月 05 23:30:43 macbookair2015 kernel: reserve setup_data: [mem 0x000000008ae8f000-0x000000008aecbfff] usable
 8月 05 23:30:43 macbookair2015 kernel: reserve setup_data: [mem 0x000000008aecc000-0x000000008aefefff] reserved
 8月 05 23:30:43 macbookair2015 kernel: reserve setup_data: [mem 0x000000008aeff000-0x000000008afa9fff] usable
 8月 05 23:30:43 macbookair2015 kernel: reserve setup_data: [mem 0x000000008afaa000-0x000000008afdefff] reserved
 8月 05 23:30:43 macbookair2015 kernel: reserve setup_data: [mem 0x000000008afdf000-0x000000008affffff] usable
 8月 05 23:30:43 macbookair2015 kernel: reserve setup_data: [mem 0x000000008b000000-0x000000008fffffff] reserved
 8月 05 23:30:43 macbookair2015 kernel: reserve setup_data: [mem 0x00000000e00f8000-0x00000000e00f8fff] reserved
 8月 05 23:30:43 macbookair2015 kernel: reserve setup_data: [mem 0x00000000fed1c000-0x00000000fed1ffff] reserved
 8月 05 23:30:43 macbookair2015 kernel: reserve setup_data: [mem 0x00000000ffd70000-0x00000000ffd9ffff] reserved
 8月 05 23:30:43 macbookair2015 kernel: reserve setup_data: [mem 0x0000000100000000-0x000000016effffff] usable
 8月 05 23:30:43 macbookair2015 kernel: efi: EFI v1.1 by Apple
 8月 05 23:30:43 macbookair2015 kernel: efi: ACPI=0x8ad8e000 ACPI 2.0=0x8ad8e014 SMBIOS=0x8afae000 MOKvar=0x8ae38000 INITRD=0x78351d90 
 8月 05 23:30:43 macbookair2015 kernel: efi: Not removing mem251: MMIO range=[0xe00f8000-0xe00f8fff] (4KB) from e820 map
 8月 05 23:30:43 macbookair2015 kernel: efi: Not removing mem252: MMIO range=[0xfed1c000-0xfed1ffff] (16KB) from e820 map
 8月 05 23:30:43 macbookair2015 kernel: efi: Not removing mem253: MMIO range=[0xffd70000-0xffd9ffff] (192KB) from e820 map
 8月 05 23:30:43 macbookair2015 kernel: secureboot: Secure boot disabled
 8月 05 23:30:43 macbookair2015 kernel: SMBIOS 2.7 present.
 8月 05 23:30:43 macbookair2015 kernel: DMI: Apple Inc. MacBookAir7,1/Mac-9F18E312C5C2BF0B, BIOS MBA71.88Z.0166.B13.1611031424 11/03/2016
 8月 05 23:30:43 macbookair2015 kernel: DMI: Memory slots populated: 2/2
 8月 05 23:30:43 macbookair2015 kernel: tsc: Fast TSC calibration using PIT
 8月 05 23:30:43 macbookair2015 kernel: tsc: Detected 1600.107 MHz processor
 8月 05 23:30:43 macbookair2015 kernel: e820: update [mem 0x00000000-0x00000fff] usable ==> reserved
 8月 05 23:30:43 macbookair2015 kernel: e820: remove [mem 0x000a0000-0x000fffff] usable
 8月 05 23:30:43 macbookair2015 kernel: last_pfn = 0x16f000 max_arch_pfn = 0x400000000
 8月 05 23:30:43 macbookair2015 kernel: MTRR map: 5 entries (4 fixed + 1 variable; max 24), built from 10 variable MTRRs
 8月 05 23:30:43 macbookair2015 kernel: x86/PAT: Configuration [0-7]: WB  WC  UC- UC  WB  WP  UC- WT  
 8月 05 23:30:43 macbookair2015 kernel: last_pfn = 0x8b000 max_arch_pfn = 0x400000000
 8月 05 23:30:43 macbookair2015 kernel: Using GB pages for direct mapping
 8月 05 23:30:43 macbookair2015 kernel: RAMDISK: [mem 0x6eba2000-0x72f66fff]
 8月 05 23:30:43 macbookair2015 kernel: ACPI: Early table checksum verification disabled
 8月 05 23:30:43 macbookair2015 kernel: ACPI: RSDP 0x000000008AD8E014 000024 (v02 APPLE )
 8月 05 23:30:43 macbookair2015 kernel: ACPI: XSDT 0x000000008AD8E1C0 00009C (v01 APPLE  Apple00  00000000      01000013)
 8月 05 23:30:43 macbookair2015 kernel: ACPI: FACP 0x000000008AD8C000 0000F4 (v05 APPLE  Apple00  00000000 Loki 0000005F)
 8月 05 23:30:43 macbookair2015 kernel: ACPI: DSDT 0x000000008AD7E000 00888B (v03 APPLE  MacBookA 00070001 INTL 20140424)
 8月 05 23:30:43 macbookair2015 kernel: ACPI: FACS 0x000000008AD06000 000040
 8月 05 23:30:43 macbookair2015 kernel: ACPI: FACS 0x000000008AD06000 000040
 8月 05 23:30:43 macbookair2015 kernel: ACPI: HPET 0x000000008AD8B000 000038 (v01 APPLE  Apple00  00000001 Loki 0000005F)
 8月 05 23:30:43 macbookair2015 kernel: ACPI: APIC 0x000000008AD8A000 0000BC (v02 APPLE  Apple00  00000001 Loki 0000005F)
 8月 05 23:30:43 macbookair2015 kernel: ACPI: SBST 0x000000008AD88000 000030 (v01 APPLE  Apple00  00000001 Loki 0000005F)
 8月 05 23:30:43 macbookair2015 kernel: ACPI: ECDT 0x000000008AD87000 000053 (v01 APPLE  Apple00  00000001 Loki 0000005F)
 8月 05 23:30:43 macbookair2015 kernel: ACPI: SSDT 0x000000008AD7D000 00010B (v01 APPLE  SataAhci 00001000 INTL 20140424)
 8月 05 23:30:43 macbookair2015 kernel: ACPI: SSDT 0x000000008AD7C000 000024 (v01 APPLE  SmcDppt  00001000 INTL 20140424)
 8月 05 23:30:43 macbookair2015 kernel: ACPI: SSDT 0x000000008AD7B000 000032 (v01 APPLE  SsdtS3   00001000 INTL 20140424)
 8月 05 23:30:43 macbookair2015 kernel: ACPI: SSDT 0x000000008AD78000 002B26 (v01 APPLE  PcieTbt  00001000 INTL 20140424)
 8月 05 23:30:43 macbookair2015 kernel: ACPI: SSDT 0x000000008AD6B000 0000B8 (v01 APPLE  Sdxc     00001000 INTL 20140424)
 8月 05 23:30:43 macbookair2015 kernel: ACPI: SSDT 0x000000008AD6A000 000AAC (v02 APPLE  Xhci     00001000 INTL 20140424)
 8月 05 23:30:43 macbookair2015 kernel: ACPI: SSDT 0x000000008AD63000 0005B5 (v01 PmRef  Cpu0Ist  00003000 INTL 20140424)
 8月 05 23:30:43 macbookair2015 kernel: ACPI: SSDT 0x000000008AD62000 000C17 (v01 CpuRef CpuSsdt  00003000 INTL 20140424)
 8月 05 23:30:43 macbookair2015 kernel: ACPI: DMAR 0x000000008AD61000 000088 (v01 APPLE  BDW      00000001 INTL 00000001)
 8月 05 23:30:43 macbookair2015 kernel: ACPI: MCFG 0x000000008AD89000 00003C (v01 APPLE  Apple00  00000001 Loki 0000005F)
 8月 05 23:30:43 macbookair2015 kernel: ACPI: Reserving FACP table memory at [mem 0x8ad8c000-0x8ad8c0f3]
 8月 05 23:30:43 macbookair2015 kernel: ACPI: Reserving DSDT table memory at [mem 0x8ad7e000-0x8ad8688a]
 8月 05 23:30:43 macbookair2015 kernel: ACPI: Reserving FACS table memory at [mem 0x8ad06000-0x8ad0603f]
 8月 05 23:30:43 macbookair2015 kernel: ACPI: Reserving FACS table memory at [mem 0x8ad06000-0x8ad0603f]
 8月 05 23:30:43 macbookair2015 kernel: ACPI: Reserving HPET table memory at [mem 0x8ad8b000-0x8ad8b037]
 8月 05 23:30:43 macbookair2015 kernel: ACPI: Reserving APIC table memory at [mem 0x8ad8a000-0x8ad8a0bb]
 8月 05 23:30:43 macbookair2015 kernel: ACPI: Reserving SBST table memory at [mem 0x8ad88000-0x8ad8802f]
 8月 05 23:30:43 macbookair2015 kernel: ACPI: Reserving ECDT table memory at [mem 0x8ad87000-0x8ad87052]
 8月 05 23:30:43 macbookair2015 kernel: ACPI: Reserving SSDT table memory at [mem 0x8ad7d000-0x8ad7d10a]
 8月 05 23:30:43 macbookair2015 kernel: ACPI: Reserving SSDT table memory at [mem 0x8ad7c000-0x8ad7c023]
 8月 05 23:30:43 macbookair2015 kernel: ACPI: Reserving SSDT table memory at [mem 0x8ad7b000-0x8ad7b031]
 8月 05 23:30:43 macbookair2015 kernel: ACPI: Reserving SSDT table memory at [mem 0x8ad78000-0x8ad7ab25]
 8月 05 23:30:43 macbookair2015 kernel: ACPI: Reserving SSDT table memory at [mem 0x8ad6b000-0x8ad6b0b7]
 8月 05 23:30:43 macbookair2015 kernel: ACPI: Reserving SSDT table memory at [mem 0x8ad6a000-0x8ad6aaab]
 8月 05 23:30:43 macbookair2015 kernel: ACPI: Reserving SSDT table memory at [mem 0x8ad63000-0x8ad635b4]
 8月 05 23:30:43 macbookair2015 kernel: ACPI: Reserving SSDT table memory at [mem 0x8ad62000-0x8ad62c16]
 8月 05 23:30:43 macbookair2015 kernel: ACPI: Reserving DMAR table memory at [mem 0x8ad61000-0x8ad61087]
 8月 05 23:30:43 macbookair2015 kernel: ACPI: Reserving MCFG table memory at [mem 0x8ad89000-0x8ad8903b]
 8月 05 23:30:43 macbookair2015 kernel: ACPI: DMI detected to setup _OSI("Darwin"): Apple hardware
 8月 05 23:30:43 macbookair2015 kernel: No NUMA configuration found
 8月 05 23:30:43 macbookair2015 kernel: Faking a node at [mem 0x0000000000000000-0x000000016effffff]
 8月 05 23:30:43 macbookair2015 kernel: NODE_DATA(0) allocated [mem 0x16efd5680-0x16effffff]
 8月 05 23:30:43 macbookair2015 kernel: Zone ranges:
 8月 05 23:30:43 macbookair2015 kernel:   DMA      [mem 0x0000000000001000-0x0000000000ffffff]
 8月 05 23:30:43 macbookair2015 kernel:   DMA32    [mem 0x0000000001000000-0x00000000ffffffff]
 8月 05 23:30:43 macbookair2015 kernel:   Normal   [mem 0x0000000100000000-0x000000016effffff]
 8月 05 23:30:43 macbookair2015 kernel:   Device   empty
 8月 05 23:30:43 macbookair2015 kernel: Movable zone start for each node
 8月 05 23:30:43 macbookair2015 kernel: Early memory node ranges
 8月 05 23:30:43 macbookair2015 kernel:   node   0: [mem 0x0000000000001000-0x0000000000057fff]
 8月 05 23:30:43 macbookair2015 kernel:   node   0: [mem 0x0000000000059000-0x000000000009ffff]
 8月 05 23:30:43 macbookair2015 kernel:   node   0: [mem 0x0000000000100000-0x000000008ad00fff]
 8月 05 23:30:43 macbookair2015 kernel:   node   0: [mem 0x000000008ad49000-0x000000008ad5cfff]
 8月 05 23:30:43 macbookair2015 kernel:   node   0: [mem 0x000000008ad8f000-0x000000008ae37fff]
 8月 05 23:30:43 macbookair2015 kernel:   node   0: [mem 0x000000008ae8f000-0x000000008aecbfff]
 8月 05 23:30:43 macbookair2015 kernel:   node   0: [mem 0x000000008aeff000-0x000000008afa9fff]
 8月 05 23:30:43 macbookair2015 kernel:   node   0: [mem 0x000000008afdf000-0x000000008affffff]
 8月 05 23:30:43 macbookair2015 kernel:   node   0: [mem 0x0000000100000000-0x000000016effffff]
 8月 05 23:30:43 macbookair2015 kernel: Initmem setup node 0 [mem 0x0000000000001000-0x000000016effffff]
 8月 05 23:30:43 macbookair2015 kernel: On node 0, zone DMA: 1 pages in unavailable ranges
 8月 05 23:30:43 macbookair2015 kernel: On node 0, zone DMA: 1 pages in unavailable ranges
 8月 05 23:30:43 macbookair2015 kernel: On node 0, zone DMA: 96 pages in unavailable ranges
 8月 05 23:30:43 macbookair2015 kernel: On node 0, zone DMA32: 72 pages in unavailable ranges
 8月 05 23:30:43 macbookair2015 kernel: On node 0, zone DMA32: 50 pages in unavailable ranges
 8月 05 23:30:43 macbookair2015 kernel: On node 0, zone DMA32: 87 pages in unavailable ranges
 8月 05 23:30:43 macbookair2015 kernel: On node 0, zone DMA32: 51 pages in unavailable ranges
 8月 05 23:30:43 macbookair2015 kernel: On node 0, zone DMA32: 53 pages in unavailable ranges
 8月 05 23:30:43 macbookair2015 kernel: On node 0, zone Normal: 20480 pages in unavailable ranges
 8月 05 23:30:43 macbookair2015 kernel: On node 0, zone Normal: 4096 pages in unavailable ranges
 8月 05 23:30:43 macbookair2015 kernel: Reserving Intel graphics memory at [mem 0x8c000000-0x8fffffff]
 8月 05 23:30:43 macbookair2015 kernel: ACPI: PM-Timer IO Port: 0x1808
 8月 05 23:30:43 macbookair2015 kernel: ACPI: LAPIC_NMI (acpi_id[0x01] high edge lint[0x1])
 8月 05 23:30:43 macbookair2015 kernel: ACPI: LAPIC_NMI (acpi_id[0x02] high edge lint[0x1])
 8月 05 23:30:43 macbookair2015 kernel: ACPI: LAPIC_NMI (acpi_id[0x03] high edge lint[0x1])
 8月 05 23:30:43 macbookair2015 kernel: ACPI: LAPIC_NMI (acpi_id[0x04] high edge lint[0x1])
 8月 05 23:30:43 macbookair2015 kernel: ACPI: LAPIC_NMI (acpi_id[0x05] high edge lint[0x1])
 8月 05 23:30:43 macbookair2015 kernel: ACPI: LAPIC_NMI (acpi_id[0x06] high edge lint[0x1])
 8月 05 23:30:43 macbookair2015 kernel: ACPI: LAPIC_NMI (acpi_id[0x07] high edge lint[0x1])
 8月 05 23:30:43 macbookair2015 kernel: ACPI: LAPIC_NMI (acpi_id[0x08] high edge lint[0x1])
 8月 05 23:30:43 macbookair2015 kernel: IOAPIC[0]: apic_id 2, version 32, address 0xfec00000, GSI 0-39
 8月 05 23:30:43 macbookair2015 kernel: ACPI: INT_SRC_OVR (bus 0 bus_irq 0 global_irq 2 dfl dfl)
 8月 05 23:30:43 macbookair2015 kernel: ACPI: INT_SRC_OVR (bus 0 bus_irq 9 global_irq 9 high level)
 8月 05 23:30:43 macbookair2015 kernel: ACPI: Using ACPI (MADT) for SMP configuration information
 8月 05 23:30:43 macbookair2015 kernel: ACPI: HPET id: 0x8086a201 base: 0xfed00000
 8月 05 23:30:43 macbookair2015 kernel: TSC deadline timer available
 8月 05 23:30:43 macbookair2015 kernel: CPU topo: Max. logical packages:   1
 8月 05 23:30:43 macbookair2015 kernel: CPU topo: Max. logical dies:       1
 8月 05 23:30:43 macbookair2015 kernel: CPU topo: Max. dies per package:   1
 8月 05 23:30:43 macbookair2015 kernel: CPU topo: Max. threads per core:   2
 8月 05 23:30:43 macbookair2015 kernel: CPU topo: Num. cores per package:     2
 8月 05 23:30:43 macbookair2015 kernel: CPU topo: Num. threads per package:   4
 8月 05 23:30:43 macbookair2015 kernel: CPU topo: Allowing 4 present CPUs plus 0 hotplug CPUs
 8月 05 23:30:43 macbookair2015 kernel: PM: hibernation: Registered nosave memory: [mem 0x00000000-0x00000fff]
 8月 05 23:30:43 macbookair2015 kernel: PM: hibernation: Registered nosave memory: [mem 0x00058000-0x00058fff]
 8月 05 23:30:43 macbookair2015 kernel: PM: hibernation: Registered nosave memory: [mem 0x000a0000-0x000fffff]
 8月 05 23:30:43 macbookair2015 kernel: PM: hibernation: Registered nosave memory: [mem 0x8ad01000-0x8ad48fff]
 8月 05 23:30:43 macbookair2015 kernel: PM: hibernation: Registered nosave memory: [mem 0x8ad5d000-0x8ad8efff]
 8月 05 23:30:43 macbookair2015 kernel: PM: hibernation: Registered nosave memory: [mem 0x8ae38000-0x8ae8efff]
 8月 05 23:30:43 macbookair2015 kernel: PM: hibernation: Registered nosave memory: [mem 0x8aecc000-0x8aefefff]
 8月 05 23:30:43 macbookair2015 kernel: PM: hibernation: Registered nosave memory: [mem 0x8afaa000-0x8afdefff]
 8月 05 23:30:43 macbookair2015 kernel: PM: hibernation: Registered nosave memory: [mem 0x8b000000-0xffffffff]
 8月 05 23:30:43 macbookair2015 kernel: [mem 0x90000000-0xe00f7fff] available for PCI devices
 8月 05 23:30:43 macbookair2015 kernel: Booting paravirtualized kernel on bare hardware
 8月 05 23:30:43 macbookair2015 kernel: clocksource: refined-jiffies: mask: 0xffffffff max_cycles: 0xffffffff, max_idle_ns: 7645519600211568 ns
 8月 05 23:30:43 macbookair2015 kernel: setup_percpu: NR_CPUS:8192 nr_cpumask_bits:4 nr_cpu_ids:4 nr_node_ids:1
 8月 05 23:30:43 macbookair2015 kernel: percpu: Embedded 66 pages/cpu s233472 r8192 d28672 u524288
 8月 05 23:30:43 macbookair2015 kernel: pcpu-alloc: s233472 r8192 d28672 u524288 alloc=1*2097152
 8月 05 23:30:43 macbookair2015 kernel: pcpu-alloc: [0] 0 1 2 3 
 8月 05 23:30:43 macbookair2015 kernel: Kernel command line: BOOT_IMAGE=/boot/vmlinuz-6.12.95+deb13-amd64 root=UUID=147f49dc-e854-47df-a721-b304a1c0c7bd ro quiet no_console_suspend mem_sleep_default=deep panic=15
 8月 05 23:30:43 macbookair2015 kernel: random: crng init done
 8月 05 23:30:43 macbookair2015 kernel: Dentry cache hash table entries: 524288 (order: 10, 4194304 bytes, linear)
 8月 05 23:30:43 macbookair2015 kernel: Inode-cache hash table entries: 262144 (order: 9, 2097152 bytes, linear)
 8月 05 23:30:43 macbookair2015 kernel: Fallback order for Node 0: 0 
 8月 05 23:30:43 macbookair2015 kernel: Built 1 zonelists, mobility grouping on.  Total pages: 1023589
 8月 05 23:30:43 macbookair2015 kernel: Policy zone: Normal
 8月 05 23:30:43 macbookair2015 kernel: mem auto-init: stack:all(zero), heap alloc:on, heap free:off
 8月 05 23:30:43 macbookair2015 kernel: software IO TLB: area num 4.
 8月 05 23:30:43 macbookair2015 kernel: SLUB: HWalign=64, Order=0-3, MinObjects=0, CPUs=4, Nodes=1
 8月 05 23:30:43 macbookair2015 kernel: Kernel/User page tables isolation: enabled
 8月 05 23:30:43 macbookair2015 kernel: ftrace: allocating 45131 entries in 178 pages
 8月 05 23:30:43 macbookair2015 kernel: ftrace: allocated 178 pages with 4 groups
 8月 05 23:30:43 macbookair2015 kernel: Dynamic Preempt: voluntary
 8月 05 23:30:43 macbookair2015 kernel: rcu: Preemptible hierarchical RCU implementation.
 8月 05 23:30:43 macbookair2015 kernel: rcu:         RCU restricting CPUs from NR_CPUS=8192 to nr_cpu_ids=4.
 8月 05 23:30:43 macbookair2015 kernel:         Trampoline variant of Tasks RCU enabled.
 8月 05 23:30:43 macbookair2015 kernel:         Rude variant of Tasks RCU enabled.
 8月 05 23:30:43 macbookair2015 kernel:         Tracing variant of Tasks RCU enabled.
 8月 05 23:30:43 macbookair2015 kernel: rcu: RCU calculated value of scheduler-enlistment delay is 25 jiffies.
 8月 05 23:30:43 macbookair2015 kernel: rcu: Adjusting geometry for rcu_fanout_leaf=16, nr_cpu_ids=4
 8月 05 23:30:43 macbookair2015 kernel: RCU Tasks: Setting shift to 2 and lim to 1 rcu_task_cb_adjust=1 rcu_task_cpu_ids=4.
 8月 05 23:30:43 macbookair2015 kernel: RCU Tasks Rude: Setting shift to 2 and lim to 1 rcu_task_cb_adjust=1 rcu_task_cpu_ids=4.
